
> frontend@0.1.0 build
> next build

Ôû▓ Next.js 16.1.6 (Turbopack)

node.exe : ÔÜá The "middleware" file conv
ention is deprecated. Please use "proxy" 
instead. Learn more: https://nextjs.org/d
ocs/messages/middleware-to-proxy
At line:1 char:1
+ & "C:\Program Files\nodejs/node.exe" "C
:\Program Files\nodejs/node_mo ...
+ ~~~~~~~~~~~~~~~~~~~~~~~~~~~~~~~~~~~~~~~
~~~~~~~~~~~~~~~~~~~~~~~~~~~~~~
    + CategoryInfo          : NotSpecifi 
   ed: (ÔÜá The "middle...leware-to-pro  
  xy:String) [], RemoteException
    + FullyQualifiedErrorId : NativeComm 
   andError
 
  Creating an optimized production build ...
Ô£ô Compiled successfully in 9.5s
  Running TypeScript ...
Failed to compile.

.next/dev/types/validator.ts:337:31
Type error: Type 'typeof import("C:/Githu
b/PosNetX/POSAPP/frontend/src/app/[locale
]/layout")' does not satisfy the constrai
nt 'LayoutConfig<"/[locale]">'.
  Types of property 'default' are incompa
tible.
    Type '({ children, params }: { childr
en: ReactNode; params: { locale: string; 
}; }) => Promise<Element>' is not assigna
ble to type 'ComponentType<LayoutProps<"/
[locale]">> | ((props: LayoutProps<"/[loc
ale]">) => void | ReactNode | Promise<voi
d> | Promise<...>)'.
      Type '({ children, params }: { chil
dren: ReactNode; params: { locale: string
; }; }) => Promise<Element>' is not assig
nable to type 'FunctionComponent<LayoutPr
ops<"/[locale]">>'.
        Types of parameters '__0' and 'pr
ops' are incompatible.
          Type 'LayoutProps<"/[locale]">'
 is not assignable to type '{ children: R
eactNode; params: { locale: string; }; }'
.
            Types of property 'params' ar
e incompatible.
              Property 'locale' is missin
g in type 'Promise<{ locale: string; }>' 
but required in type '{ locale: string; }
'.

[0m [90m 335 |[39m   type __IsExpected
[33m<[39m[33mSpecific[39m [36mextend
s[39m [33mLayoutConfig[39m[33m<[39m
[32m"/[locale]"[39m[33m>>[39m [33m=[
39m [33mSpecific[39m
 [90m 336 |[39m   [36mconst[39m handl
er [33m=[39m {} [36mas[39m [36mtypeo
f[39m [36mimport[39m([32m"../../../sr
c/app/[locale]/layout.js"[39m)
[31m[1m>[22m[39m[90m 337 |[39m   ty
pe __Check [33m=[39m __IsExpected[33m<
[39m[36mtypeof[39m handler[33m>[39m
 [90m     |[39m                        
       [31m[1m^[22m[39m
 [90m 338 |[39m   [90m// @ts-ignore[3
9m
 [90m 339 |[39m   type __Unused [33m=
[39m __Check
 [90m 340 |[39m }[0m
Next.js build worker exited with code: 1 
and signal: null
